/home/tribe/mabhishe/myspace/anaconda3/lib/python3.9/site-packages/pandas/core/computation/expressions.py:21: UserWarning: Pandas requires version '2.8.4' or newer of 'numexpr' (version '2.8.1' currently installed).
  from pandas.core.computation.check import NUMEXPR_INSTALLED
/home/tribe/mabhishe/myspace/anaconda3/lib/python3.9/site-packages/pandas/core/arrays/masked.py:60: UserWarning: Pandas requires version '1.3.6' or newer of 'bottleneck' (version '1.3.4' currently installed).
  from pandas.core import (
================================================================================
AirCatch — Streaming BLE tracker detection via online CFO clustering (Option B)
================================================================================
[i] time_col   : timestamp
[i] mac_col    : AdvA
[i] payload_col: payload
[i] CFO cols   : ['CFO_Hz', 'CFO_00_Hz', 'CFO_11_Hz', 'CFO_10_Hz', 'CFO_01_Hz']
[i] USE_ZSPACE : True
[i] WARMUP_SEGS: 10
[i] THETA      : 4  (T_MIN=30.0, N_MIN=1, K_MIN=1)

================================================================================
[stats] Clusters total: 16
================================================================================

--- Cluster id=5 ---
  score      : 4
  n_segments : 2
  duration   : 253.33s
  cov_trace  : 0.023
  mu(z)      : [+0.350, +0.691, +0.563, +3.808, -2.405]
  |MACs|     : 1
  |Keys|     : 145
  MACs       : FF:E8:62:AC:0E:D2 [APPLE_FINDMY]
  Keys       : k:d20eac62e8ff1eff4c0012193031aa11efd125e621c922904322ed7442cdec08, k:d20eac62e8ff1eff4c0012194831aa11efd125e621c922904322ed7442cdec08, k:d20eac62e8ff1eff4c00121950d77dd7fa1070f877dc9c5a9aa502a8d39eb0cb, k:d20eac62e8ff1eff4c0012196009aa11efd125e621c922904322ed7442cdec08, k:d20eac62e8ff1eff4c0012196011aa91ef5105e521c926104322ed7c42cdec08, k:d20eac62e8ff1eff4c0012196021aa11efd125e621c922904322ed7442cdec08, k:d20eac62e8ff1eff4c00121960318a10efd125e621c922904322ed7442cdec08, k:d20eac62e8ff1eff4c00121960318a11ef5125e621c922904322ed7442cdec08, k:d20eac62e8ff1eff4c00121960318a11efd125e621c922904322ed7442cdec08, k:d20eac62e8ff1eff4c0012196031aa09ef5105e621c926904322ed7462cdec08, k:d20eac62e8ff1eff4c0012196031aa112fd025e621c922904322ed7442cdec08, k:d20eac62e8ff1eff4c0012196031aa1137d225e621c922904322ed7442cdec08, k:d20eac62e8ff1eff4c0012196031aa116fd00505bad1f61c6d27d87ce2afc48a, k:d20eac62e8ff1eff4c0012196031aa116fd02de601e922849e22ed7442cdec08, k:d20eac62e8ff1eff4c0012196031aa116fd125e621c922904322bdb542cdec08, k:d20eac62e8ff1eff4c0012196031aa116fd325e621c922904322ed7442cdec08, k:d20eac62e8ff1eff4c0012196031aa11cf5043e1a1d1f61c2d27581ca3afc48a, k:d20eac62e8ff1eff4c0012196031aa11cfd125e621c922904322ed7442cdec08, k:d20eac62e8ff1eff4c0012196031aa11e5d125e621c922904322ed7442cdec08, k:d20eac62e8ff1eff4c0012196031aa11eed125e621c922904322ed7442cdec08, k:d20eac62e8ff1eff4c0012196031aa11ef5125e621c922904322ed7442cdec08, k:d20eac62e8ff1eff4c0012196031aa11ef9125e621c92e904322ed7442cdec08, k:d20eac62e8ff1eff4c0012196031aa11efd105e621c922904322ec7442cdec08, k:d20eac62e8ff1eff4c0012196031aa11efd105e621c922904322ed7442cdec08, k:d20eac62e8ff1eff4c0012196031aa11efd1252616c922904322ed7442cdec08, k:d20eac62e8ff1eff4c0012196031aa11efd1256620c922904322ed7442cdec08, k:d20eac62e8ff1eff4c0012196031aa11efd1256623c922104b23ec7c43cde408, k:d20eac62e8ff1eff4c0012196031aa11efd12586a1cc22142d27e81c63adc48a, k:d20eac62e8ff1eff4c0012196031aa11efd125a616ca22904322ed7442cdec08, k:d20eac62e8ff1eff4c0012196031aa11efd125a626cb22904322ed7442cdec08 ... (+115 more)

--- Cluster id=4 ---
  score      : 4
  n_segments : 2
  duration   : 243.49s
  cov_trace  : 0.070
  mu(z)      : [-0.525, +0.817, +0.285, +2.122, -0.974]
  |MACs|     : 1
  |Keys|     : 181
  MACs       : D5:30:D6:9E:D7:F2 [APPLE_FINDMY]
  Keys       : k:f2d79ed630d50eff4c00121960f7e57a2ddd2002ef312d685d5e5168e5970c97, k:f2d79ed630d516ff4c00121960f7e47b2ddd2002ef312d681d5ac4e8e5920c87, k:f2d79ed630d51cff4c00121960f7e47b2ddd2002ef312d685d5e5169e5970c97, k:f2d79ed630d51eff4c00121940f7e47b2ddd2002ef312d685d5e5169e5970c97, k:f2d79ed630d51eff4c00121960c8e07b2ddd2002ef312d685d5e5169e5970c97, k:f2d79ed630d51eff4c00121960e7e47b2ddda002ef31bd695d5e5169e5970c97, k:f2d79ed630d51eff4c00121960ebe47b2ddd2002ef312d685d5e5169e5970c97, k:f2d79ed630d51eff4c00121960efe47b2ddd2002ef312d685d5e5169e5970c97, k:f2d79ed630d51eff4c00121960f6e47b2ddd2002af312d68155e590decb70c97, k:f2d79ed630d51eff4c00121960f6e47b2ddd2002ef312d68a2505169e5970c97, k:f2d79ed630d51eff4c00121960f734782ddd2002ef312d685d5e5169e5970c97, k:f2d79ed630d51eff4c00121960f7377a6dd6417bdd2cf16022198692f0827445, k:f2d79ed630d51eff4c00121960f7647b2ddd2002ef312d685c5e5169e5970c97, k:f2d79ed630d51eff4c00121960f7647b6dd4417bfd3c6960221f8493f0961445, k:f2d79ed630d51eff4c00121960f7647d2ddd2002ef312d685d5e5169e5970c97, k:f2d79ed630d51eff4c00121960f764cc2edd2002ef312d685d5e5169e5970c97, k:f2d79ed630d51eff4c00121960f7d47b6dd4016bff3029605c1f5169f1960c85, k:f2d79ed630d51eff4c00121960f7e07b2ddd2002ef312d7b515e5169e5970c97, k:f2d79ed630d51eff4c00121960f7e37b2dddf24744229fe49dba6d6f7a88482c, k:f2d79ed630d51eff4c00121960f7e45b2ddd2002ef312d685d5e5169e5970c97, k:f2d79ed630d51eff4c00121960f7e46b2ddd2002ef312d685d5e5169e5970c97, k:f2d79ed630d51eff4c00121960f7e47b0ddd2002ef312d685d5e5169e5970c97, k:f2d79ed630d51eff4c00121960f7e47b23df2062ef312d685d5e5169e5976c97, k:f2d79ed630d51eff4c00121960f7e47b29dd2002ef312d685d5e5169e5970c97, k:f2d79ed630d51eff4c00121960f7e47b29de203bdd2cf16022198292f0825445, k:f2d79ed630d51eff4c00121960f7e47b2d5d2002ef312d685d5e5169e5970c97, k:f2d79ed630d51eff4c00121960f7e47b2d9d2002ef312d685d5e5169e5970c97, k:f2d79ed630d51eff4c00121960f7e47b2dc12002ef312d685d5e5169e5970c97, k:f2d79ed630d51eff4c00121960f7e47b2dc82002ef312d685d5e5169e5970c97, k:f2d79ed630d51eff4c00121960f7e47b2dc92002ef312d685d5e5169e5970c97 ... (+151 more)

--- Cluster id=2 ---
  score      : 4
  n_segments : 2
  duration   : 230.88s
  cov_trace  : 0.164
  mu(z)      : [-0.481, +0.297, -0.114, +1.963, -1.705]
  |MACs|     : 1
  |Keys|     : 159
  MACs       : EA:32:7A:C5:8D:BF [APPLE_FINDMY]
  Keys       : k:bf8dc57a32ea0eff4c00121960ef9d395438adb5823639966d9b0354b5f50d77, k:bf8dc57a32ea1eff4c00121960aff0485400f9974215bd85c25a5ae46e7dfef3, k:bf8dc57a32ea1eff4c00121960c59d295438adb4a33639966d9b0344b5f70d77, k:bf8dc57a32ea1eff4c00121960c79d01d42487a06b2ffb1fba7b2f8cd83374b5, k:bf8dc57a32ea1eff4c00121960c99d395438adb5823639966d9b0354b5f50d77, k:bf8dc57a32ea1eff4c00121960cb9d395438adb582363996439b0354b5f50d77, k:bf8dc57a32ea1eff4c00121960cd9d01d43ca7b5eb363b1e2d9b035c91f70537, k:bf8dc57a32ea1eff4c00121960ce9d395438adb5823639966d9b0354b5f50d77, k:bf8dc57a32ea1eff4c00121960cf9c395438adb5823639966d9b0354b5f50d77, k:bf8dc57a32ea1eff4c00121960cf9d19543487a06b2ffb1eba7b078cd83734b5, k:bf8dc57a32ea1eff4c00121960cf9d195439adb5823639966d9b0354b5f50d77, k:bf8dc57a32ea1eff4c00121960cf9d21542887a06b2ffb1fba7b2f8cd83374b5, k:bf8dc57a32ea1eff4c00121960cf9d3154388db1ab367b1e6d3b275cb5372535, k:bf8dc57a32ea1eff4c00121960cf9d315438adb40a760adbd10b3960eed048d4, k:bf8dc57a32ea1eff4c00121960cf9d315438adb5823631966d9b0354b5f50d77, k:bf8dc57a32ea1eff4c00121960cf9d315738afb48a3e39166d9b035cb5b50577, k:bf8dc57a32ea1eff4c00121960cf9d391439adb5823639966d9b0354b5f50d77, k:bf8dc57a32ea1eff4c00121960cf9d395418adb5823639966d9b0354b5f50d77, k:bf8dc57a32ea1eff4c00121960cf9d395434adb58236799e6d9b0354b5f50d77, k:bf8dc57a32ea1eff4c00121960cf9d3954388da0eb2f7b1e3abb075cb8377475, k:bf8dc57a32ea1eff4c00121960cf9d3954388da4ab3e79966dbb0754b5f50d77, k:bf8dc57a32ea1eff4c00121960cf9d395438ad355005b995c21a52e46efdfef3, k:bf8dc57a32ea1eff4c00121960cf9d395438ad35823639966d9b0354b5f50d77, k:bf8dc57a32ea1eff4c00121960cf9d395438adb482367b966dbb0354b5f50577, k:bf8dc57a32ea1eff4c00121960cf9d395438adb4a23679966dbb070cb53374b5, k:bf8dc57a32ea1eff4c00121960cf9d395438adb5023439966d9b0354b5f50d77, k:bf8dc57a32ea1eff4c00121960cf9d395438adb51b36791e6dbb031cb5f50d37, k:bf8dc57a32ea1eff4c00121960cf9d395438adb5423539966d9b0354b5f50d77, k:bf8dc57a32ea1eff4c00121960cf9d395438adb5820439166d9b0354b5f50d77, k:bf8dc57a32ea1eff4c00121960cf9d395438adb582063d95eb1a12f424fdff77 ... (+129 more)

--- Cluster id=1 ---
  score      : 4
  n_segments : 2
  duration   : 193.42s
  cov_trace  : 0.040
  mu(z)      : [+1.107, +1.207, +2.031, -0.235, +0.890]
  |MACs|     : 1
  |Keys|     : 144
  MACs       : F6:72:62:ED:92:3D [APPLE_FINDMY]
  Keys       : k:3d92ed6272f61cff4c001219204ba9eb99d225da2e5841fd398052942e777f7c, k:3d92ed6272f61eff4c001219004ba9eb99d225da2e5847fd39b452946a7f7b6c, k:3d92ed6272f61eff4c001219200bfd692710f0313438c4c104412d905972d512, k:3d92ed6272f61eff4c0012192047a9eb99d225da2e5841fd39b052946a7f7b6d, k:3d92ed6272f61eff4c001219204b29ebb9d325da2e5841fd39b052946a7f7b6d, k:3d92ed6272f61eff4c001219204b31e8925143973d18473a10ee466cb6766f7c, k:3d92ed6272f61eff4c001219204b99ec99d225da2e5841fd39b052946a7f7b6d, k:3d92ed6272f61eff4c001219204ba9e799d207da2e5843fc39b0438c6a7f6b6d, k:3d92ed6272f61eff4c001219204ba9e999d225da2e5841fd39b052946a7f7b6d, k:3d92ed6272f61eff4c001219204ba9eb89d225da2e5841fd39b052946a7f7b6d, k:3d92ed6272f61eff4c001219204ba9eb89d225da2e5841fd39b0e264d96c13e7, k:3d92ed6272f61eff4c001219204ba9eb99c225da2e5841fd39b052946a7f7b6d, k:3d92ed6272f61eff4c001219204ba9eb99d125923d1841bd39ae47bcba774b2c, k:3d92ed6272f61eff4c001219204ba9eb99d205d72e5843bd39b642946a7f6b6d, k:3d92ed6272f61eff4c001219204ba9eb99d205da2c5841fd39b052946a7f7b6d, k:3d92ed6272f61eff4c001219204ba9eb99d2255a2e58433918b0439c6a7f7b6d, k:3d92ed6272f61eff4c001219204ba9eb99d2256a2e5841fd39b052946a7f7b6d, k:3d92ed6272f61eff4c001219204ba9eb99d225c62e5841fd39b052946a7f7b6d, k:3d92ed6272f61eff4c001219204ba9eb99d225ca2e58413c30b0429c2a7f7b6d, k:3d92ed6272f61eff4c001219204ba9eb99d225da085841fd39b052946a7f7b6d, k:3d92ed6272f61eff4c001219204ba9eb99d225da08d841fd39b052946a7f7b6d, k:3d92ed6272f61eff4c001219204ba9eb99d225da08d84d536a0cfa64d16c13c7, k:3d92ed6272f61eff4c001219204ba9eb99d225da1e5841fd39b052946a7f7b6d, k:3d92ed6272f61eff4c001219204ba9eb99d225da265841fd39b052946a7f7b6d, k:3d92ed6272f61eff4c001219204ba9eb99d225da2b5841fd39b052946a7f7b6d, k:3d92ed6272f61eff4c001219204ba9eb99d225da2e184ffd19ee436cb7766b38, k:3d92ed6272f61eff4c001219204ba9eb99d225da2e48412d10ae036cbf776b7c, k:3d92ed6272f61eff4c001219204ba9eb99d225da2e5041fd39b052946a7f7b6c, k:3d92ed6272f61eff4c001219204ba9eb99d225da2e5441fd39b052946a7f7b6d, k:3d92ed6272f61eff4c001219204ba9eb99d225da2e58015338b052946a7f7b6d ... (+114 more)

--- Cluster id=12 ---
  score      : 4
  n_segments : 1
  duration   : 159.16s
  cov_trace  : 5.000
  mu(z)      : [+1.357, +1.134, -0.218, +2.577, -0.418]
  |MACs|     : 1
  |Keys|     : 73
  MACs       : F0:E3:99:3D:ED:D2 [APPLE_FINDMY]
  Keys       : k:d2ed3d99e3f01eff4c00121960132b56e15ab950fb60b20b75ed36d45d419332, k:d2ed3d99e3f01eff4c00121960138d153ec4d155a3aaa33ef3ee36e4bf50827a, k:d2ed3d99e3f01eff4c00121960138d5529fcd155a3aaa33ef3ee36e4bf50827a, k:d2ed3d99e3f01eff4c00121960138d5531f4d155a3aaa33ef3ee36e4bf50827a, k:d2ed3d99e3f01eff4c00121960138d5561c4d155a3aaa33ef3ee36e4bf50827a, k:d2ed3d99e3f01eff4c00121960138d55e184d155a3aaa33bf3ee36e4ff50827a, k:d2ed3d99e3f01eff4c00121960138d55e1c4095fa3aaa33ef3ee36e4bf50827a, k:d2ed3d99e3f01eff4c00121960138d55e1c42155a3aaa33ef3ee36e4bf50827a, k:d2ed3d99e3f01eff4c00121960138d55e1c45155a3aaa33ef3ee36e4bf50827a, k:d2ed3d99e3f01eff4c00121960138d55e1c48d55a3aaa33ef3ee36e4bf50827a, k:d2ed3d99e3f01eff4c00121960138d55e1c4c555a3aaa33ef3ee36e4bf50827a, k:d2ed3d99e3f01eff4c00121960138d55e1c4d1559faaa33ef3ee36e4bf50827a, k:d2ed3d99e3f01eff4c00121960138d55e1c4d155a3aaa33ed3b236e4bf50827a, k:d2ed3d99e3f01eff4c00121960138d55e1c4d155a3aaa33ef36e30e4bf50827a, k:d2ed3d99e3f01eff4c00121960138d55e1c4d155a3aaa33ef38e30e4bf50827a, k:d2ed3d99e3f01eff4c00121960138d55e1c4d155a3aaa33ef3ae36e4bf50827a, k:d2ed3d99e3f01eff4c00121960138d55e1c4d155a3aaa33ef3b136e4bf50827a, k:d2ed3d99e3f01eff4c00121960138d55e1c4d155a3aaa33ef3ce36e4bf50827a, k:d2ed3d99e3f01eff4c00121960138d55e1c4d155a3aaa33ef3e736e4bf50827a, k:d2ed3d99e3f01eff4c00121960138d55e1c4d155a3aaa33ef3ec36e4bf5082ea, k:d2ed3d99e3f01eff4c00121960138d55e1c4d155a3aaa33ef3ee32e4bf10817a, k:d2ed3d99e3f01eff4c00121960138d55e1c4d155a3aaa33ef3ee3680bb50827a, k:d2ed3d99e3f01eff4c00121960138d55e1c4d155a3aaa33ef3ee369cbf50827a, k:d2ed3d99e3f01eff4c00121960138d55e1c4d155a3aaa33ef3ee36e43f12827a, k:d2ed3d99e3f01eff4c00121960138d55e1c4d155a3aaa33ef3ee36e43f32807a, k:d2ed3d99e3f01eff4c00121960138d55e1c4d155a3aaa33ef3ee36e46f50827a, k:d2ed3d99e3f01eff4c00121960138d55e1c4d155a3aaa33ef3ee36e47b70827a, k:d2ed3d99e3f01eff4c00121960138d55e1c4d155a3aaa33ef3ee36e4ba50827a, k:d2ed3d99e3f01eff4c00121960138d55e1c4d155a3aaa33ef3ee36e4bf10827a, k:d2ed3d99e3f01eff4c00121960138d55e1c4d155a3aaa33ef3ee36e4bf388272 ... (+43 more)

--- Cluster id=11 ---
  score      : 4
  n_segments : 2
  duration   : 152.76s
  cov_trace  : 0.064
  mu(z)      : [+0.238, -0.473, +1.567, +0.103, +1.113]
  |MACs|     : 1
  |Keys|     : 157
  MACs       : F6:FE:7E:BD:D0:B3 [APPLE_FINDMY]
  Keys       : k:b3d0bd7efef606ff4c00121920012bcf8e5a20dcea2c8248dbf88c254848ae30, k:b3d0bd7efef606ff4c00121920012bcf8e5a20dcea2c8248dbf88ca54848ae30, k:b3d0bd7efef612ff4c00121920012bcf8e5a20d4ea2c8248dbf88ca54848ae30, k:b3d0bd7efef61cff4c00121920012bcf8e5a20dcea2c8248dbf88ca54868ae30, k:b3d0bd7efef61cff4c00121930012bcf8e5a20dcea2c8248dbf88ca54848ae30, k:b3d0bd7efef61eff4c001219140130cfbed820d4ea2ca248dbf88ca54849af31, k:b3d0bd7efef61eff4c00121920002bef8e5a40dc6b2c8648dbf88ce54848ae34, k:b3d0bd7efef61eff4c001219200118cfae5a00d47a2c8258dbf88ca54868ae30, k:b3d0bd7efef61eff4c001219200119cf8e5a20dcea2c8208dbf88ca54848ae30, k:b3d0bd7efef61eff4c00121920012b4f8e5a20d4eb2aa24843ea8ca54068ae34, k:b3d0bd7efef61eff4c00121920012b6f3f5a20945fa2a67061cae87426e9a716, k:b3d0bd7efef61eff4c00121920012ba7815a20dcea2c8248dbf88ca54848aa70, k:b3d0bd7efef61eff4c00121920012baf23f0411045e1b46c3cd35a1c913fa005, k:b3d0bd7efef61eff4c00121920012baf8e5a20dcea2c8248dbf88ca54848ae30, k:b3d0bd7efef61eff4c00121920012bc38e5a20dcea2c8248dbf88ca54848ae30, k:b3d0bd7efef61eff4c00121920012bc48e5a20dcea2c8248dbf88ca54848ae30, k:b3d0bd7efef61eff4c00121920012bc68e5a20dcea2c8248dbf88ca54848ae30, k:b3d0bd7efef61eff4c00121920012bcb2272713005e5b46c3cd35aa88a562004, k:b3d0bd7efef61eff4c00121920012bcb8e5a20dcea2c8248dbf88ca54c48ae34, k:b3d0bd7efef61eff4c00121920012bcd8e5220dce22cc218dbfc8c275848aa70, k:b3d0bd7efef61eff4c00121920012bcd8e5a20dcea2c8208cbfc8c25d848aa70, k:b3d0bd7efef61eff4c00121920012bcf0e5522dcea2c8248dbf88ca54848ae30, k:b3d0bd7efef61eff4c00121920012bcf805a20dcea2c8248dbf88ca54848ae30, k:b3d0bd7efef61eff4c00121920012bcf865a20dcea2c8248dbf88ca54848ae30, k:b3d0bd7efef61eff4c00121920012bcf8a5a20dcea2c8a48dbf88ca54848ae30, k:b3d0bd7efef61eff4c00121920012bcf8e4220dcea2c8248dbf88ca54848ae30, k:b3d0bd7efef61eff4c00121920012bcf8e4e20dcea2c8248dbf88ca54848ae30, k:b3d0bd7efef61eff4c00121920012bcf8e5820dcea2c82485bf88ca54848ae30, k:b3d0bd7efef61eff4c00121920012bcf8e5820dcea2c8258dbf88ca54848ae30, k:b3d0bd7efef61eff4c00121920012bcf8e5a201c803182389bf88c254848aa70 ... (+127 more)

--- Cluster id=10 ---
  score      : 4
  n_segments : 2
  duration   : 145.91s
  cov_trace  : 0.342
  mu(z)      : [-1.137, -0.079, -0.189, -1.343, -0.639]
  |MACs|     : 1
  |Keys|     : 156
  MACs       : CE:AA:AB:D2:FC:09 [APPLE_FINDMY]
  Keys       : k:09fcd2abaace16ff4c00121910798ae7e15a3840489bdddc95bce19d46e7d439, k:09fcd2abaace16ff4c00121994ba8a67e39a3c42c81bdddc85ccf19c46e7dc31, k:09fcd2abaace1eff4c00121900798ae7e15a3840489bdddc858ce19d46e7d439, k:09fcd2abaace1eff4c00121900798ae7e15a3842489bdcdc858ce19de6e7d439, k:09fcd2abaace1eff4c0012190c798aeec05a1c40489bdddc858ce19d47e3d439, k:09fcd2abaace1eff4c00121910518ee7e15a3840489bdddc858ce19d46e7d439, k:09fcd2abaace1eff4c00121910548ae7e15a3840489bdddc858ce19d46e7d439, k:09fcd2abaace1eff4c001219105d8ae77f5ab840481f5cdc0575ac1d4b64c43b, k:09fcd2abaace1eff4c00121910710aee8e954dda8e79893a4e70de68a1ba1813, k:09fcd2abaace1eff4c00121910790ae5e95a784048975ddc8584e15d8647d439, k:09fcd2abaace1eff4c00121910790ae6e11b3cc0489bd9dc8584e19d46e7d439, k:09fcd2abaace1eff4c00121910790ae7e1546b40ea9bc93c8648e09c66f6d419, k:09fcd2abaace1eff4c00121910798aa7e15a3840489bdddc858ce19d46e7d439, k:09fcd2abaace1eff4c00121910798ad7e15a3840489bdddc858ce19d46e7d439, k:09fcd2abaace1eff4c00121910798ae4e15a3840489bdddc858ce19d46e7d439, k:09fcd2abaace1eff4c00121910798ae5e15a3840489bdddc858ce19d46e7d439, k:09fcd2abaace1eff4c00121910798ae7115a3840489bdddc858ce19d46e7d439, k:09fcd2abaace1eff4c00121910798ae7215a3840489bdddc858ce19d46e7d439, k:09fcd2abaace1eff4c00121910798ae731403840489bdddc858ce19d46e7d439, k:09fcd2abaace1eff4c00121910798ae7615a3840489bdddc858ce19d46e7d439, k:09fcd2abaace1eff4c00121910798ae7805938da8e79893a4e70de68a1ba1812, k:09fcd2abaace1eff4c00121910798ae7815a3840489bdddc858ce19d46e7d439, k:09fcd2abaace1eff4c00121910798ae7a1563840489bdddc838da19d4ae7d43d, k:09fcd2abaace1eff4c00121910798ae7a17938d88e79893a4e70de68a1ba1812, k:09fcd2abaace1eff4c00121910798ae7b15a3840489bdddc858ce19d46e7d439, k:09fcd2abaace1eff4c00121910798ae7e0dd38c0789bddbc859ce09d06e75439, k:09fcd2abaace1eff4c00121910798ae7e1443b40489bdddc858ce19d46e7d439, k:09fcd2abaace1eff4c00121910798ae7e1463840489bdddc858ce19d46e7d439, k:09fcd2abaace1eff4c00121910798ae7e14a3840489bdddc858c819d46e7d439, k:09fcd2abaace1eff4c00121910798ae7e1593840489bdddc858ce19d46e7d439 ... (+126 more)

--- Cluster id=9 ---
  score      : 4
  n_segments : 2
  duration   : 143.64s
  cov_trace  : 0.144
  mu(z)      : [+1.347, +0.318, +0.883, -0.826, +1.464]
  |MACs|     : 1
  |Keys|     : 141
  MACs       : D0:6D:78:47:39:4F [APPLE_FINDMY]
  Keys       : k:4f3947786dd013ff4c00121920a6e3979d201ffa21875a304ea65be867b88beb, k:4f3947786dd01eff4c00121900e7c39799201ffa21875a304ea65be867b88beb, k:4f3947786dd01eff4c00121920260c149d209f5823877a584da0dbb8cbf0f2ca, k:4f3947786dd01eff4c0012192026e2979d201ffa21875a304ea65be867b88beb, k:4f3947786dd01eff4c0012192026e5979d201ffa21875a304ea65be867b88beb, k:4f3947786dd01eff4c00121920a0e3979d201ffa21875a304ea65be867b88beb, k:4f3947786dd01eff4c00121920a2e397b0205fe321b75a300e645be867b18feb, k:4f3947786dd01eff4c00121920a60b949d201ffa21875a304ea65be867b88beb, k:4f3947786dd01eff4c00121920a623149d201ffa21875a304ea65be867b88beb, k:4f3947786dd01eff4c00121920a62b1497201dfa31865af04da6cba8c3e0aaeb, k:4f3947786dd01eff4c00121920a663969d285f0721f7dacc2a250bd261b827fb, k:4f3947786dd01eff4c00121920a683d79d201f0321975a302e655be835958beb, k:4f3947786dd01eff4c00121920a687979d201ffa21875a304ea65be867b88beb, k:4f3947786dd01eff4c00121920a6a3979d201ffa21875a304ea65be867b88beb, k:4f3947786dd01eff4c00121920a6c9959d201ffa21875a304ea65be867b88beb, k:4f3947786dd01eff4c00121920a6e315c7309d0a26467ab18520ca88cbe2aaca, k:4f3947786dd01eff4c00121920a6e3179d201ffa21875a304ea65ba867b88beb, k:4f3947786dd01eff4c00121920a6e3179d201ffa21875a304ea65be867b88beb, k:4f3947786dd01eff4c00121920a6e3179d201ffa25875a3046a65b98cbb88beb, k:4f3947786dd01eff4c00121920a6e376a6acfe67facf823299042fcf9a436973, k:4f3947786dd01eff4c00121920a6e38f9d201ff221875a304ea65be867b88beb, k:4f3947786dd01eff4c00121920a6e395dd209ff821275a304ea65be867b88beb, k:4f3947786dd01eff4c00121920a6e3969d201fda21a75a304ea6e38867b88beb, k:4f3947786dd01eff4c00121920a6e3969d201ffa21875a304ea65be867b88beb, k:4f3947786dd01eff4c00121920a6e3978d201ffa21875a304ea65be867b88beb, k:4f3947786dd01eff4c00121920a6e39795201dbc118f5a284e264ae8626ab2f9, k:4f3947786dd01eff4c00121920a6e3979c201f7a21875a304ea65be867b88beb, k:4f3947786dd01eff4c00121920a6e3979d101dfa21875a304ea65be867b88beb, k:4f3947786dd01eff4c00121920a6e3979d2013fa21875a304ea65bea67b88beb, k:4f3947786dd01eff4c00121920a6e3979d201efa21875a304ea65be867b88beb ... (+111 more)

--- Cluster id=7 ---
  score      : 4
  n_segments : 2
  duration   : 142.83s
  cov_trace  : 0.102
  mu(z)      : [-0.266, -1.029, +0.316, +0.904, -0.591]
  |MACs|     : 1
  |Keys|     : 159
  MACs       : C6:70:C1:4D:DA:68 [APPLE_FINDMY]
  Keys       : k:68da4dc170c60eff4c0012192021944d78249cdbc05c7766cc1d68192143b291, k:68da4dc170c613ff4c0012192001944d78049cd9c05c7766cc1d68192143b291, k:68da4dc170c61bff4c0012192001944d78049cd9c05c7766cc1d68192143b291, k:68da4dc170c61eff4c0012190481944d78049cd9c05c7766cc1d68192143b291, k:68da4dc170c61eff4c0012191011944dc0049dd9425a77e6ee9c689920cbb281, k:68da4dc170c61eff4c001219200114ed78a49fd9c05c7fe6ec1c181921ebb391, k:68da4dc170c61eff4c00121920011c4f78ba9f924a1adce7eeb89a9a90ea3b86, k:68da4dc170c61eff4c0012192001344dc8ba9d964a1adce7eab89aaa90e82b95, k:68da4dc170c61eff4c0012192001804d78049cd9c05c7766cc1568192143b291, k:68da4dc170c61eff4c0012192001924d78049cd9c05c7766cc1d68192143b291, k:68da4dc170c61eff4c0012192001940d18049cd9c05c7766cc1d68192143b291, k:68da4dc170c61eff4c0012192001940d78049cd9c05c7766cc1d68192143b291, k:68da4dc170c61eff4c0012192001942d04049cd9c05c7766cc1d68192143b291, k:68da4dc170c61eff4c0012192001943d78049cd9c05c7766cc1d68192143b291, k:68da4dc170c61eff4c0012192001944d08019cd9c05c7766cc1d68192143b291, k:68da4dc170c61eff4c0012192001944d18049cd9c05c7766cc1d68192143b291, k:68da4dc170c61eff4c0012192001944d58059cd9c05c7766cc1d68192143b291, k:68da4dc170c61eff4c0012192001944d60049cd9c05c7666cc9d6d192143b391, k:68da4dc170c61eff4c0012192001944d78019cd9c05c7766cc1d68192143b291, k:68da4dc170c61eff4c0012192001944d78041c47d05c7766cc1d68192143b291, k:68da4dc170c61eff4c0012192001944d780498c9c05c7766cc1d68192143b291, k:68da4dc170c61eff4c0012192001944d780499d9c05c7766cc1d68192143b291, k:68da4dc170c61eff4c0012192001944d78049c51d05c7766cc1d68192143b291, k:68da4dc170c61eff4c0012192001944d78049c59c05c7766cc1d68192143b291, k:68da4dc170c61eff4c0012192001944d78049c5bc01cdce7eeb89aaa926a2bc6, k:68da4dc170c61eff4c0012192001944d78049cc1c05c7766cc1d68192143b291, k:68da4dc170c61eff4c0012192001944d78049cc1c05c7766cc1d68194f14b3b1, k:68da4dc170c61eff4c0012192001944d78049cc5c05c7766cc1d68192143b291, k:68da4dc170c61eff4c0012192001944d78049cd4c05c7766cc1d68192143b291, k:68da4dc170c61eff4c0012192001944d78049cd7c05c7766cc1d68192143b291 ... (+129 more)

--- Cluster id=8 ---
  score      : 4
  n_segments : 2
  duration   : 139.45s
  cov_trace  : 0.390
  mu(z)      : [+1.431, -0.315, -0.040, +0.086, +0.129]
  |MACs|     : 1
  |Keys|     : 154
  MACs       : CB:F7:96:33:13:13 [APPLE_FINDMY]
  Keys       : k:13133396f7cb1eff4c001219009e4753e8b82d221b39bfb9042ddb051a565baa, k:13133396f7cb1eff4c001219201e44d3e8b82d201b39bfb9042ddb051a565baa, k:13133396f7cb1eff4c001219201e45d3e8a42d209f28beb9062dd3251a465baa, k:13133396f7cb1eff4c001219201e45d3e8b82d201b39bfb9042ddb051a565baa, k:13133396f7cb1eff4c001219201e46d3e8b825201b39bfa9042ddb051a565baa, k:13133396f7cb1eff4c001219207e47d3e8b82d201b39bfb9042ddb051a565baa, k:13133396f7cb1eff4c001219209a45d3e8b82d201b39bfb9042ddb051a565baa, k:13133396f7cb1eff4c001219209b47d3e8b82d201b39bfb9042ddb051a565baa, k:13133396f7cb1eff4c001219209e44f38a744722a738bc898c2ddb251b425baa, k:13133396f7cb1eff4c001219209e45d3e8982d201b39bfb9042dcb051a56532a, k:13133396f7cb1eff4c001219209e45d3e8b82d201b39b7b9042de3471a565baa, k:13133396f7cb1eff4c001219209e45d3e8b82d201b39bfb9042ddb051a565baa, k:13133396f7cb1eff4c001219209e45d3e8b82d201b39bfb9042ddb451a565baa, k:13133396f7cb1eff4c001219209e475318b82d689b39bfb9042ddb051a5e5baa, k:13133396f7cb1eff4c001219209e47538a64476aa72838888e20c3240f62dfdb, k:13133396f7cb1eff4c001219209e47738a642d20a72838888e20c3240f62dfdb, k:13133396f7cb1eff4c001219209e4793e8b82d201b39bfb9042ddb051a565baa, k:13133396f7cb1eff4c001219209e47c4e83845201b29beb9042ddb051a565bba, k:13133396f7cb1eff4c001219209e47d328802d201b39bfb9042ddb051a565baa, k:13133396f7cb1eff4c001219209e47d3c8b82d201b39bfb9042ddb051a565baa, k:13133396f7cb1eff4c001219209e47d3c8b86d6a9728be888620d3050a625bba, k:13133396f7cb1eff4c001219209e47d3e0b82d201b39bfb9042ddb051a565baa, k:13133396f7cb1eff4c001219209e47d3e8182c201b39bfb9042ddb051a565baa, k:13133396f7cb1eff4c001219209e47d3e83828201b39bfb9042ddb051a565baa, k:13133396f7cb1eff4c001219209e47d3e8382a201b39bfb9042ddb051a565baa, k:13133396f7cb1eff4c001219209e47d3e8382d201b39bfb9042ddb051a565baa, k:13133396f7cb1eff4c001219209e47d3e83878b4631ab3db1036eb47183e5349, k:13133396f7cb1eff4c001219209e47d3e8782c201b39bfb9042ddb051a565baa, k:13133396f7cb1eff4c001219209e47d3e8a82d201b39bfb9042ddb051a565baa, k:13133396f7cb1eff4c001219209e47d3e8b02d2013283c880c21db251e56dbaa ... (+124 more)

--- Cluster id=6 ---
  score      : 4
  n_segments : 2
  duration   : 133.43s
  cov_trace  : 0.050
  mu(z)      : [+0.722, +1.234, +0.459, -0.369, -0.309]
  |MACs|     : 1
  |Keys|     : 143
  MACs       : C5:68:6B:99:6A:C5 [APPLE_FINDMY]
  Keys       : k:c56a996b68c50eff4c00121910c6e5ab7a90b2e4c1c02875739fccd4fc3df0f4, k:c56a996b68c51cff4c00121910c6e5ab7a90b2e4c1c02875739fccd4fc2bf0f4, k:c56a996b68c51eff4c00121904c6e5ab7a9092e4c1c42875739fccd4fc2bf2f4, k:c56a996b68c51eff4c00121909c6e5ab7a90b2e4c1c02875739fccd4fc2bf0f4, k:c56a996b68c51eff4c0012191046e1ab7a90b2e4c1c02875739fccd4fc2bf0f4, k:c56a996b68c51eff4c0012191047e4ab7af00820c2d0636f359dcc44fc2cf8f4, k:c56a996b68c51eff4c001219108664ab7a90b2e4c1c02875739fccd4fc2bf0f4, k:c56a996b68c51eff4c0012191086e5ab7a90b2e4d6c02875739fccd4fc2bf0f4, k:c56a996b68c51eff4c0012191096e5ab7a90b2e4c1c02875739fccd4fc2bf0f4, k:c56a996b68c51eff4c00121910c5e5ab7a90b2c0c1d4736eb5f9484cfc4c8af4, k:c56a996b68c51eff4c00121910c635aa7a90b2e4c1c02875739fccd4fc2bf0f4, k:c56a996b68c51eff4c00121910c645687b90b2e4c1c82875739fccd4fcabf1f4, k:c56a996b68c51eff4c00121910c6656c7990b2e4c1c02875739fccd4fc2bf0f4, k:c56a996b68c51eff4c00121910c665ad7a90b2e4c1c02875739fccd4fc2bf0f4, k:c56a996b68c51eff4c00121910c675abe2f0a80842d47b76b7b9c844fc1a8af4, k:c56a996b68c51eff4c00121910c685abfab080e4c0c43a75739f4cd4fc2bf0f4, k:c56a996b68c51eff4c00121910c6a5ac7a90b2e4c1c02875739fccd4fc2bf0f4, k:c56a996b68c51eff4c00121910c6c0a97a90b2e4c1c02875739fccd4fc2bf0f4, k:c56a996b68c51eff4c00121910c6c5ab7a90b2e5c1c02875739fccd4fc2bf0f4, k:c56a996b68c51eff4c00121910c6c5ab7ad0b2e4c1c02875739fccd4fc2bf0f4, k:c56a996b68c51eff4c00121910c6e1ab7a90b2e4c1c02875739fccd4fc2bf0f4, k:c56a996b68c51eff4c00121910c6e3ab7a90b2e4c1c02875739fccd4fc2bf0f4, k:c56a996b68c51eff4c00121910c6e4ab7a90b2e4c1c02875739f4cf5fd2bc0f4, k:c56a996b68c51eff4c00121910c6e55b7990b2e4c1c02875739fccd4fc2bf0f4, k:c56a996b68c51eff4c00121910c6e56b0990b2e4c1c02875739fccd4fc2bf0f4, k:c56a996b68c51eff4c00121910c6e58b7a90b2e4c1c02875739fccd4fc2bf0f4, k:c56a996b68c51eff4c00121910c6e58b7a90b2e4c1c02875739fccd4fc2bf8f4, k:c56a996b68c51eff4c00121910c6e5ab5a91b2e4c1c02875739fccd4fc2bf0f4, k:c56a996b68c51eff4c00121910c6e5ab6a90b2e4c1c02875739f4cdcfc28f2f4, k:c56a996b68c51eff4c00121910c6e5ab7290b2e4c1c02875739fccd4fc2bf0f4 ... (+113 more)

--- Cluster id=3 ---
  score      : 4
  n_segments : 2
  duration   : 127.20s
  cov_trace  : 0.029
  mu(z)      : [+0.045, -0.147, -0.658, +1.027, -0.299]
  |MACs|     : 1
  |Keys|     : 144
  MACs       : DC:D6:44:C7:D7:A6 [APPLE_FINDMY]
  Keys       : k:a6d7c744d6dc06ff4c00121910a087adeb4a8c10841fad749b03de454e451768, k:a6d7c744d6dc09ff4c00121910a087adeb4a8c10841fad749b03de454e451768, k:a6d7c744d6dc1eff4c00121908a0a7edeb4a8c108c1fad749b03de454e451768, k:a6d7c744d6dc1eff4c001219102084adeb4a8c10841fad749b03de454e451768, k:a6d7c744d6dc1eff4c001219106c87adeb4a8c10841fad749b03de454e451768, k:a6d7c744d6dc1eff4c00121910a007afeb4a8c30841fad749b03de454e451778, k:a6d7c744d6dc1eff4c00121910a027adeb0a0c30841fa16e81b7c105a54739ba, k:a6d7c744d6dc1eff4c00121910a087612be4bbd55d5795402f6be1c79818cbcd, k:a6d7c744d6dc1eff4c00121910a08761eb4a8c10841fad749b03de454e451768, k:a6d7c744d6dc1eff4c00121910a0876deb4a8c10841fad749b03de454e451768, k:a6d7c744d6dc1eff4c00121910a087a3eb4a8c10841fad749b03de454e451768, k:a6d7c744d6dc1eff4c00121910a087a5eb4a8c10841fad749b03de454e451768, k:a6d7c744d6dc1eff4c00121910a087a5eb6a8c10841fad749b03fe454e150768, k:a6d7c744d6dc1eff4c00121910a087aceb4a8c10841fad749903de454e451768, k:a6d7c744d6dc1eff4c00121910a087ad0b4a8c10841fad749b03de454e451768, k:a6d7c744d6dc1eff4c00121910a087ad1b4a8c10801fad749903de454e451768, k:a6d7c744d6dc1eff4c00121910a087adab4a8c10841fad749b03de454e451768, k:a6d7c744d6dc1eff4c00121910a087adcbca1510e43bb16ec1b7c104a56bf9b8, k:a6d7c744d6dc1eff4c00121910a087adeb0a8b10841fad749b03de454e451768, k:a6d7c744d6dc1eff4c00121910a087adeb0a8c10841fad749b03de454e45b768, k:a6d7c744d6dc1eff4c00121910a087adeb468d10841fad749b03de454e451768, k:a6d7c744d6dc1eff4c00121910a087adeb4a0411c41bb16ec1b7d104276b79fa, k:a6d7c744d6dc1eff4c00121910a087adeb4a0412843bb16ec1b7c104a56bf9ba, k:a6d7c744d6dc1eff4c00121910a087adeb4a0c12841fad749b03de454e451768, k:a6d7c744d6dc1eff4c00121910a087adeb4a0c72e41ba97cd1b7de45a66715e8, k:a6d7c744d6dc1eff4c00121910a087adeb4a8810841fad749b03de454e451768, k:a6d7c744d6dc1eff4c00121910a087adeb4a8810841fad749b6bc1454e451768, k:a6d7c744d6dc1eff4c00121910a087adeb4a8c10041fad749b03de454e451768, k:a6d7c744d6dc1eff4c00121910a087adeb4a8c104c579d502b6be0c54c05cbcd, k:a6d7c744d6dc1eff4c00121910a087adeb4a8c105c578d749b03de454e450768 ... (+114 more)

--- Cluster id=14 ---
  score      : 4
  n_segments : 1
  duration   : 87.78s
  cov_trace  : 5.000
  mu(z)      : [+0.283, +0.745, +0.624, +2.150, -1.450]
  |MACs|     : 1
  |Keys|     : 73
  MACs       : D9:B1:51:3A:9C:30 [APPLE_FINDMY]
  Keys       : k:309c3a51b1d91eff4c0012192020277a774451914e466a7878fc8d52d8238fc3, k:309c3a51b1d91eff4c0012192022247a474451914f466a7878fc8d52d8238fc3, k:309c3a51b1d91eff4c0012192022247a774451914e466a7878fc8d52d8238fc3, k:309c3a51b1d91eff4c00121920222748774451914e466a7878fc8d52d8238fc3, k:309c3a51b1d91eff4c0012192022277a2744f9b10f16fae830486c1fee1887c7, k:309c3a51b1d91eff4c0012192022277a374551914e466a7878fc8d52d8238fc3, k:309c3a51b1d91eff4c0012192022277a724451914e466a7878fc8d52d8238fc3, k:309c3a51b1d91eff4c0012192022277a734451914f466a7878fc8d52d8238fc3, k:309c3a51b1d91eff4c0012192022277a770451914e466a7878fc8d52d8238fc3, k:309c3a51b1d91eff4c0012192022277a774419964e466a7878fc8d52d8238fc3, k:309c3a51b1d91eff4c0012192022277a774451814e466a7878fc8d52d8238fc3, k:309c3a51b1d91eff4c0012192022277a774451910e446a7878fc8d52d8238fc3, k:309c3a51b1d91eff4c0012192022277a774451914c466a7878fc8d52d8238fc3, k:309c3a51b1d91eff4c0012192022277a774451914e406a7878fc8d52d8238fc3, k:309c3a51b1d91eff4c0012192022277a774451914e46027878fc8d52d8238fc3, k:309c3a51b1d91eff4c0012192022277a774451914e46627878fc8d52d8238fc3, k:309c3a51b1d91eff4c0012192022277a774451914e466a5878fc8d52d8238fc3, k:309c3a51b1d91eff4c0012192022277a774451914e466a5e78fc8d52d8238fc3, k:309c3a51b1d91eff4c0012192022277a774451914e466a78786c8f12ee58356f, k:309c3a51b1d91eff4c0012192022277a774451914e466a78787c4d55d85b356f, k:309c3a51b1d91eff4c0012192022277a774451914e466a78787c8d52d8238fc3, k:309c3a51b1d91eff4c0012192022277a774451914e466a78787c8f52d823b7c3, k:309c3a51b1d91eff4c0012192022277a774451914e466a78789c8d52d8238fc3, k:309c3a51b1d91eff4c0012192022277a774451914e466a7878dc8d52d8238fc3, k:309c3a51b1d91eff4c0012192022277a774451914e466a7878ec8d52d8238fc3, k:309c3a51b1d91eff4c0012192022277a774451914e466a7878fc0de8dc238fc3, k:309c3a51b1d91eff4c0012192022277a774451914e466a7878fc2d53d8238fc3, k:309c3a51b1d91eff4c0012192022277a774451914e466a7878fc8052dc58a5c3, k:309c3a51b1d91eff4c0012192022277a774451914e466a7878fc8d5258258fc3, k:309c3a51b1d91eff4c0012192022277a774451914e466a7878fc8d52586568b9 ... (+43 more)

--- Cluster id=15 ---
  score      : 4
  n_segments : 1
  duration   : 86.55s
  cov_trace  : 5.000
  mu(z)      : [-1.998, -2.449, -2.147, -0.980, -1.539]
  |MACs|     : 1
  |Keys|     : 82
  MACs       : E9:5A:FB:9E:46:7C [APPLE_FINDMY]
  Keys       : k:7c469efb5ae90aff4c00121910e959a560e261071f94a77a2a1fb2c78a647aa8, k:7c469efb5ae90eff4c00121910e959a560e261071f94a77a2a1fb2c78a647aa8, k:7c469efb5ae91cff4c00121910e959a560e261071f94a77a2a1fb2c78a647aa8, k:7c469efb5ae91eff4c00121902e959a560e261071f94a77a2a1fb2c78a647aa8, k:7c469efb5ae91eff4c00121908e9498740ea61071f94a7eb2b1fb2c78a647aa8, k:7c469efb5ae91eff4c00121910e9590560e261071f94a77a2a1fb2c78a647aa8, k:7c469efb5ae91eff4c00121910e95985606261051f96a769aa1fb2c78a647aa8, k:7c469efb5ae91eff4c00121910e9598570e261050f9ca77a3a1fb2c78ae47ea8, k:7c469efb5ae91eff4c00121910e959a500e161071f94a77a2a1fb2c78a647aa8, k:7c469efb5ae91eff4c00121910e959a560a261871f94a55e2f1fb0c18c4478c8, k:7c469efb5ae91eff4c00121910e959a560b660071f94a77a2a1fb2c78a647aa8, k:7c469efb5ae91eff4c00121910e959a560e221061f94a77a2a1fb2c78a647aa8, k:7c469efb5ae91eff4c00121910e959a560e261021f94a77a2a1fb2c78a647aa8, k:7c469efb5ae91eff4c00121910e959a560e261071a94a77a2a1fb2c78a647aa8, k:7c469efb5ae91eff4c00121910e959a560e261071f14a57a2a1fb2c78a647aa8, k:7c469efb5ae91eff4c00121910e959a560e261071f40807a2a1fb2c78a647aa8, k:7c469efb5ae91eff4c00121910e959a560e261071f94277d2a1fb2c78a647aa8, k:7c469efb5ae91eff4c00121910e959a560e261071f948f7a2a1fb2c78a647aa8, k:7c469efb5ae91eff4c00121910e959a560e261071f94a7792a1fb2c78a647aa8, k:7c469efb5ae91eff4c00121910e959a560e261071f94a77a121fb2c78a647aa8, k:7c469efb5ae91eff4c00121910e959a560e261071f94a77a2a11b2c78a647aa8, k:7c469efb5ae91eff4c00121910e959a560e261071f94a77a2a1f32c78a647aa8, k:7c469efb5ae91eff4c00121910e959a560e261071f94a77a2a1f72c78a647aa8, k:7c469efb5ae91eff4c00121910e959a560e261071f94a77a2a1fb2478264de9a, k:7c469efb5ae91eff4c00121910e959a560e261071f94a77a2a1fb2c18a647a28, k:7c469efb5ae91eff4c00121910e959a560e261071f94a77a2a1fb2c58b647aa8, k:7c469efb5ae91eff4c00121910e959a560e261071f94a77a2a1fb2c70a647aa8, k:7c469efb5ae91eff4c00121910e959a560e261071f94a77a2a1fb2c70a64fa5a, k:7c469efb5ae91eff4c00121910e959a560e261071f94a77a2a1fb2c7105b7aa8, k:7c469efb5ae91eff4c00121910e959a560e261071f94a77a2a1fb2c782647aa8 ... (+52 more)

--- Cluster id=13 ---
  score      : 4
  n_segments : 1
  duration   : 82.75s
  cov_trace  : 5.000
  mu(z)      : [-0.897, +0.249, -0.353, +0.257, +1.022]
  |MACs|     : 1
  |Keys|     : 79
  MACs       : F4:0A:68:DD:7E:C0 [APPLE_FINDMY]
  Keys       : k:c07edd680af41cff4c001219204cac73191f45f067dc5ac6e3cfa19198eced61, k:c07edd680af41eff4c001219200c9373191f45f067dc5ac6e3cfa19198eced61, k:c07edd680af41eff4c001219202cac73191f45f067dc5ac6e3cfa19198eced61, k:c07edd680af41eff4c001219203d8e73191f45f067dc5ac6e3cfa19198eced61, k:c07edd680af41eff4c0012192044ac73191f45f067dc5ac6e3cfa19198eced61, k:c07edd680af41eff4c0012192048fc4f4723687b26d9024ff29e5111a5d6c011, k:c07edd680af41eff4c001219204c2c73191745f067dc5ac6e34fa19198eced61, k:c07edd680af41eff4c001219204c2c75191f45f067dc5ac6e3cfa19198eced61, k:c07edd680af41eff4c001219204c2ca31b1f73021bdeca37ed49ee6f4efca53e, k:c07edd680af41eff4c001219204c2cb3f21f530219daca37fd51fe6e4e3f043e, k:c07edd680af41eff4c001219204c34b03237430271dcdad7e54dabb14c7fed61, k:c07edd680af41eff4c001219204c8473191f45f067dc5ac6e3cfa19198eced61, k:c07edd680af41eff4c001219204cac47191f45f067dc5ac6e3cfa19198eced61, k:c07edd680af41eff4c001219204cac72191f47f267dc5ad6e7c9a191dc3ced61, k:c07edd680af41eff4c001219204cac73091f45f067dc5ac6e3cfa19198eced61, k:c07edd680af41eff4c001219204cac73111f45d067dcdac6e349b291d8ffe561, k:c07edd680af41eff4c001219204cac73191747f073dadab7e54de01ede7ce561, k:c07edd680af41eff4c001219204cac73191f45709bd85ac6e3cfa19198eced61, k:c07edd680af41eff4c001219204cac73191f459067dc5ac6e3cfa19198eced61, k:c07edd680af41eff4c001219204cac73191f45f0679c5ac6e3cfa19198eced61, k:c07edd680af41eff4c001219204cac73191f45f067c45ac6e3cfa19198eced61, k:c07edd680af41eff4c001219204cac73191f45f067cc5a36ed41e16e4eed053e, k:c07edd680af41eff4c001219204cac73191f45f067dc5a06d2cfa19198eced61, k:c07edd680af41eff4c001219204cac73191f45f067dc5a06e2cfa19198eced61, k:c07edd680af41eff4c001219204cac73191f45f067dc5a46e34fe07fde3f8476, k:c07edd680af41eff4c001219204cac73191f45f067dc5ac6ddf3a19198eced61, k:c07edd680af41eff4c001219204cac73191f45f067dc5ac6dfc3a19198eced61, k:c07edd680af41eff4c001219204cac73191f45f067dc5ac6e24ffe6f4ebf0d3c, k:c07edd680af41eff4c001219204cac73191f45f067dc5ac6e345f297583ced61, k:c07edd680af41eff4c001219204cac73191f45f067dc5ac6e3cf019398eced61 ... (+49 more)

--- Cluster id=16 ---
  score      : 4
  n_segments : 1
  duration   : 64.38s
  cov_trace  : 5.000
  mu(z)      : [-0.063, +0.101, -0.689, +0.766, -0.404]
  |MACs|     : 1
  |Keys|     : 73
  MACs       : DC:D6:44:C7:D7:A6 [APPLE_FINDMY]
/data/abhi/BLESDR/build/AirCatch.py:900: MatplotlibDeprecationWarning: The get_cmap function was deprecated in Matplotlib 3.7 and will be removed in 3.11. Use ``matplotlib.colormaps[name]`` or ``matplotlib.colormaps.get_cmap()`` or ``pyplot.get_cmap()`` instead.
  cmap = plt.cm.get_cmap("tab20")
  Keys       : k:a6d7c744d6dc1eff4c00121909a087adeb4a8c10841fad749b03de454e451768, k:a6d7c744d6dc1eff4c0012191040a78feb9a1710843ba97c9b83de044e4535e8, k:a6d7c744d6dc1eff4c0012191080a7adeb488c10841fad749b07de454e651768, k:a6d7c744d6dc1eff4c001219108287adcb4a8c10841fad749b03de456e451768, k:a6d7c744d6dc1eff4c00121910a067aceb4a8c10841fad769b03de454e451768, k:a6d7c744d6dc1eff4c00121910a0870deb9a8c32841fad669b03de454e451768, k:a6d7c744d6dc1eff4c00121910a08769eb4a8c10841fad749b03de454e451768, k:a6d7c744d6dc1eff4c00121910a087a2eb4a8c10841fad749b03de454e451768, k:a6d7c744d6dc1eff4c00121910a087aceb4a8c10841fad749b03de454e451768, k:a6d7c744d6dc1eff4c00121910a087ad6b4a8c10841fad749b03de454e451768, k:a6d7c744d6dc1eff4c00121910a087ad6bcc8f10841fad749b03de454e451768, k:a6d7c744d6dc1eff4c00121910a087adab4a14f2e83bb16ed1b3c1046547f9a8, k:a6d7c744d6dc1eff4c00121910a087adeb0a1e32a41fa9749b03de056d451738, k:a6d7c744d6dc1eff4c00121910a087adeb488c10841fad749b03de454e451768, k:a6d7c744d6dc1eff4c00121910a087adeb4a4c15841fad749b03de454e451768, k:a6d7c744d6dc1eff4c00121910a087adeb4a8c104417ad749b03de454e451768, k:a6d7c744d6dc1eff4c00121910a087adeb4a8c10841f91749b03de454e451768, k:a6d7c744d6dc1eff4c00121910a087adeb4a8c10841fa5749b03df454e451568, k:a6d7c744d6dc1eff4c00121910a087adeb4a8c10841fad749383de454e471768, k:a6d7c744d6dc1eff4c00121910a087adeb4a8c10841fad749b02de454e451768, k:a6d7c744d6dc1eff4c00121910a087adeb4a8c10841fad749b03de044945f9ba, k:a6d7c744d6dc1eff4c00121910a087adeb4a8c10841fad749b03de45467f1768, k:a6d7c744d6dc1eff4c00121910a087adeb4a8c10841fad749b03de454c451768, k:a6d7c744d6dc1eff4c00121910a087adeb4a8c10841fad749b03de454e450768, k:a6d7c744d6dc1eff4c00121910a087adeb4a8c10841fad749b03de454e451750, k:a6d7c744d6dc1eff4c00121910a087adeb4a8c10841fad749b03de454e451768, k:a6d7c744d6dc1eff4c00121910a087adeb4a8c10841fad749b03de454e451778, k:a6d7c744d6dc1eff4c00121910a087adeb4a8c10841fad749b03de454e4517b8, k:a6d7c744d6dc1eff4c00121910a087adeb4a8c10841fad749b03de454e4517c8, k:a6d7c744d6dc1eff4c00121910a087adeb4a8c10841fad749b03de454e471768 ... (+43 more)

================================================================================
[accuracy] Cluster purity (MAC-based)
================================================================================
cluster   1 | segments=2    dominant_mac=F6:72:62:ED:92:3D acc=100.0%
cluster   2 | segments=2    dominant_mac=EA:32:7A:C5:8D:BF acc=100.0%
cluster   3 | segments=2    dominant_mac=DC:D6:44:C7:D7:A6 acc=100.0%
cluster   4 | segments=2    dominant_mac=D5:30:D6:9E:D7:F2 acc=100.0%
cluster   5 | segments=2    dominant_mac=FF:E8:62:AC:0E:D2 acc=100.0%
cluster   6 | segments=2    dominant_mac=C5:68:6B:99:6A:C5 acc=100.0%
cluster   7 | segments=2    dominant_mac=C6:70:C1:4D:DA:68 acc=100.0%
cluster   8 | segments=2    dominant_mac=CB:F7:96:33:13:13 acc=100.0%
cluster   9 | segments=2    dominant_mac=D0:6D:78:47:39:4F acc=100.0%
cluster  10 | segments=2    dominant_mac=CE:AA:AB:D2:FC:09 acc=100.0%
cluster  11 | segments=2    dominant_mac=F6:FE:7E:BD:D0:B3 acc=100.0%
cluster  12 | segments=1    dominant_mac=F0:E3:99:3D:ED:D2 acc=100.0%
cluster  13 | segments=1    dominant_mac=F4:0A:68:DD:7E:C0 acc=100.0%
cluster  14 | segments=1    dominant_mac=D9:B1:51:3A:9C:30 acc=100.0%
cluster  15 | segments=1    dominant_mac=E9:5A:FB:9E:46:7C acc=100.0%
cluster  16 | segments=1    dominant_mac=DC:D6:44:C7:D7:A6 acc=100.0%
--------------------------------------------------------------------------------
GLOBAL weighted accuracy: 100.00%
================================================================================

[✓] wrote: all_devices_static_rail/aircatch_tracklets.jsonl (16 items)
[✓] wrote: all_devices_static_rail/aircatch_flagged.jsonl (16 items)
[✓] saved boxplot: all_devices_static_rail/aircatch_clusters_cfo_boxplot.pdf and all_devices_static_rail/aircatch_clusters_cfo_boxplot.png
[✓] saved PCA 3D: all_devices_static_rail/aircatch_clusters_pca3d.pdf and all_devices_static_rail/aircatch_clusters_pca3d.png
[✓] saved MAC-count bar: all_devices_static_rail/aircatch_clusters_mac_counts.pdf and all_devices_static_rail/aircatch_clusters_mac_counts.png

================================================================================
Clusters total: 16 | Flagged: 16 | Segments: 27
================================================================================
- id=  5 score=4 nSeg=2    dur=253.3s |K|=145 |M|=1   tr=0.02
- id=  4 score=4 nSeg=2    dur=243.5s |K|=181 |M|=1   tr=0.07
- id=  2 score=4 nSeg=2    dur=230.9s |K|=159 |M|=1   tr=0.16
- id=  1 score=4 nSeg=2    dur=193.4s |K|=144 |M|=1   tr=0.04
- id= 12 score=4 nSeg=1    dur=159.2s |K|=73  |M|=1   tr=5.00
- id= 11 score=4 nSeg=2    dur=152.8s |K|=157 |M|=1   tr=0.06
- id= 10 score=4 nSeg=2    dur=145.9s |K|=156 |M|=1   tr=0.34
- id=  9 score=4 nSeg=2    dur=143.6s |K|=141 |M|=1   tr=0.14
- id=  7 score=4 nSeg=2    dur=142.8s |K|=159 |M|=1   tr=0.10
- id=  8 score=4 nSeg=2    dur=139.5s |K|=154 |M|=1   tr=0.39
- id=  6 score=4 nSeg=2    dur=133.4s |K|=143 |M|=1   tr=0.05
- id=  3 score=4 nSeg=2    dur=127.2s |K|=144 |M|=1   tr=0.03
- id= 14 score=4 nSeg=1    dur=87.8s |K|=73  |M|=1   tr=5.00
- id= 15 score=4 nSeg=1    dur=86.5s |K|=82  |M|=1   tr=5.00
- id= 13 score=4 nSeg=1    dur=82.8s |K|=79  |M|=1   tr=5.00
- id= 16 score=4 nSeg=1    dur=64.4s |K|=73  |M|=1   tr=5.00
